// Jest Snapshot v1, https://goo.gl/fbAQLP

exports[`should render Forecast correctly 1`] = `
<div
  className="five-day-forecast"
>
  <div
    className="five-day-forecast__data-not-available"
  >
    No weather forecast data available.
  </div>
</div>
`;
