// Jest Snapshot v1, https://goo.gl/fbAQLP

exports[`should render Forecast correctly 1`] = `
<div
  className="forecast"
>
  <div>
    MON
  </div>
  <div>
    TUE
  </div>
  <div>
    WED
  </div>
  <div>
    THU
  </div>
  <div>
    FRI
  </div>
</div>
`;
