// Jest Snapshot v1, https://goo.gl/fbAQLP

exports[`should render Header correctly 1`] = `
<div
  className="header"
>
  <span
    className="header__location"
  />
  <div
    className="header__time-container"
  >
    <div
      className="header__time"
    >
      <span
        className="header__dot brown"
      />
      <span
        className="header__dot tan"
      />
      <span
        className="header__dot gold"
      />
      <span
        className="header__time_value"
      />
      <span
        className="header__dot brown"
      />
      <span
        className="header__dot tan"
      />
      <span
        className="header__dot gold"
      />
    </div>
  </div>
  <span
    className="header__temperature"
  >
    Â°
  </span>
</div>
`;
